{
    "3f6e857744562dda43951610e9c132c5454d4b1368f57be59f3119347415cd8f#111": {
        "address": "addr1zxhew7fmsup08qvhdnkg8ccra88pw7q5trrncja3dlszhqlm3e807762pklheldndtjhrk0qxzzfh9vhc9kkc706xglsv8s5nq",
        "datum": null,
        "datumhash": null,
        "inlineDatum": null,
        "inlineDatumRaw": null,
        "referenceScript": null,
        "value": {
            "4ebec10810dd02b20dc92d4f2f8b6cb1c34a73b3e418913433483d1d": {
                "0014df10537472696b6541637469766174696f6e50617373": 1
            },
            "lovelace": 1228350
        }
    },
    "db95d31ae9b7df39f0dfe46a2016351e3695b813361f8ae9253c99bde32050f0#0": {
        "address": "addr1zxhew7fmsup08qvhdnkg8ccra88pw7q5trrncja3dlszhqlm3e807762pklheldndtjhrk0qxzzfh9vhc9kkc706xglsv8s5nq",
        "datum": null,
        "inlineDatum": {
            "constructor": 0,
            "fields": [
                {
                    "bytes": "c134d839a64a5dfb9b155869ef3f34280751a622f69958baa8ffd29c"
                },
                {
                    "bytes": ""
                },
                {
                    "bytes": ""
                },
                {
                    "bytes": "c48cbb3d5e57ed56e276bc45f99ab39abe94e6cd7ac39fb402da47ad"
                },
                {
                    "bytes": "0014df105553444d"
                },
                {
                    "int": 20
                },
                {
                    "int": 5
                },
                {
                    "int": 0
                },
                {
                    "int": 0
                },
                {
                    "int": 10000
                },
                {
                    "int": 2000000
                },
                {
                    "int": 1786095110000
                },
                {
                    "int": 259626511
                },
                {
                    "int": 54205361
                },
                {
                    "int": 0
                },
                {
                    "int": 0
                },
                {
                    "int": 0
                },
                {
                    "int": 0
                },
                {
                    "constructor": 1,
                    "fields": []
                },
                {
                    "constructor": 1,
                    "fields": []
                },
                {
                    "constructor": 0,
                    "fields": []
                }
            ]
        },
        "inlineDatumRaw": "d8799f581cc134d839a64a5dfb9b155869ef3f34280751a622f69958baa8ffd29c4040581cc48cbb3d5e57ed56e276bc45f99ab39abe94e6cd7ac39fb402da47ad480014df105553444d140500001927101a001e84801b0000019fdb9087701a0f79960f1a033b1bb100000000d87a80d87a80d87980ff",
        "inlineDatumhash": "78a2107c4ff3ce0769335d259944684b4798fc8c2716bf83d0be4999aeeb1d34",
        "referenceScript": null,
        "value": {
            "6fdc63a1d71dc2c65502b79baae7fb543185702b12c3c5fb639ed737": {
                "4c": 1,
                "93237c26780971289912e3fc907bd7b2cc1ca33ff248616e13299a1219be3ed0": 9223371370587336443
            },
            "c48cbb3d5e57ed56e276bc45f99ab39abe94e6cd7ac39fb402da47ad": {
                "0014df105553444d": 357955972205
            },
            "lovelace": 1797786489897
        }
    }
}