{
    "0abab118fb103b983b177fb80c247803f3b5ff7f5d98202ddd2f071b017cb23d#0": {
        "address": "addr1xyezq8wpaqnssdjvd3p220uf7e6nzjae44w6yu625y965rfjyqwur6p8pqmycmzz55lcnan4x99mnt2a5fe54ggt4gxs8thzgk",
        "datum": null,
        "datumhash": null,
        "inlineDatum": null,
        "inlineDatumRaw": null,
        "referenceScript": null,
        "value": {
            "c48cbb3d5e57ed56e276bc45f99ab39abe94e6cd7ac39fb402da47ad": {
                "0014df105553444d": 1372190916
            },
            "lovelace": 8391442
        }
    },
    "44454ed0def64621ef645958830f599b488b699b28e3797cc37c4f4dd1463a79#1": {
        "address": "addr1xyezq8wpaqnssdjvd3p220uf7e6nzjae44w6yu625y965rfjyqwur6p8pqmycmzz55lcnan4x99mnt2a5fe54ggt4gxs8thzgk",
        "datum": null,
        "datumhash": null,
        "inlineDatum": null,
        "inlineDatumRaw": null,
        "referenceScript": null,
        "value": {
            "lovelace": 2000000
        }
    },
    "57faba5b7d213649b118052e5ac4f48d9730f6d1a9f71af1b46d15d09b6c4519#8": {
        "address": "addr1xyezq8wpaqnssdjvd3p220uf7e6nzjae44w6yu625y965rfjyqwur6p8pqmycmzz55lcnan4x99mnt2a5fe54ggt4gxs8thzgk",
        "datum": null,
        "datumhash": null,
        "inlineDatum": null,
        "inlineDatumRaw": null,
        "referenceScript": null,
        "value": {
            "lovelace": 401473182250
        }
    },
    "968fd01e074ca33de95087957f59803bb2ee8bacfe922eb81cdf18e8e23ad788#0": {
        "address": "addr1xyezq8wpaqnssdjvd3p220uf7e6nzjae44w6yu625y965rfjyqwur6p8pqmycmzz55lcnan4x99mnt2a5fe54ggt4gxs8thzgk",
        "datum": null,
        "datumhash": null,
        "inlineDatum": null,
        "inlineDatumRaw": null,
        "referenceScript": null,
        "value": {
            "c48cbb3d5e57ed56e276bc45f99ab39abe94e6cd7ac39fb402da47ad": {
                "0014df105553444d": 1263115588
            },
            "lovelace": 3524440
        }
    },
    "a5003a714c45d0c25d6d6463f6ac0c1fd059bc6c390388aaf1cea7249e0fe3ab#1": {
        "address": "addr1xyezq8wpaqnssdjvd3p220uf7e6nzjae44w6yu625y965rfjyqwur6p8pqmycmzz55lcnan4x99mnt2a5fe54ggt4gxs8thzgk",
        "datum": null,
        "datumhash": null,
        "inlineDatum": null,
        "inlineDatumRaw": null,
        "referenceScript": null,
        "value": {
            "c48cbb3d5e57ed56e276bc45f99ab39abe94e6cd7ac39fb402da47ad": {
                "0014df105553444d": 5009219349
            },
            "lovelace": 2408001
        }
    },
    "a80f446675b55c8f39a2efadc79d4a5643ed64b13c0750bbc0c4010d335713fa#1": {
        "address": "addr1xyezq8wpaqnssdjvd3p220uf7e6nzjae44w6yu625y965rfjyqwur6p8pqmycmzz55lcnan4x99mnt2a5fe54ggt4gxs8thzgk",
        "datum": null,
        "datumhash": null,
        "inlineDatum": null,
        "inlineDatumRaw": null,
        "referenceScript": null,
        "value": {
            "c48cbb3d5e57ed56e276bc45f99ab39abe94e6cd7ac39fb402da47ad": {
                "0014df105553444d": 5001867969
            },
            "lovelace": 2306000
        }
    },
    "affe90d1fa9a93b3e2a48009ef80634e9de8428640f5d673e85b002a86399982#0": {
        "address": "addr1xyezq8wpaqnssdjvd3p220uf7e6nzjae44w6yu625y965rfjyqwur6p8pqmycmzz55lcnan4x99mnt2a5fe54ggt4gxs8thzgk",
        "datum": null,
        "datumhash": null,
        "inlineDatum": null,
        "inlineDatumRaw": null,
        "referenceScript": null,
        "value": {
            "c48cbb3d5e57ed56e276bc45f99ab39abe94e6cd7ac39fb402da47ad": {
                "0014df105553444d": 1349523953
            },
            "lovelace": 120299272
        }
    },
    "cda0126e9ea7b336bbb338d2bfc7622a41b584e3bebc33c9c320e8895b9bc082#1": {
        "address": "addr1xyezq8wpaqnssdjvd3p220uf7e6nzjae44w6yu625y965rfjyqwur6p8pqmycmzz55lcnan4x99mnt2a5fe54ggt4gxs8thzgk",
        "datum": null,
        "datumhash": null,
        "inlineDatum": null,
        "inlineDatumRaw": null,
        "referenceScript": null,
        "value": {
            "c48cbb3d5e57ed56e276bc45f99ab39abe94e6cd7ac39fb402da47ad": {
                "0014df105553444d": 10439974
            },
            "lovelace": 2306000
        }
    },
    "cda0126e9ea7b336bbb338d2bfc7622a41b584e3bebc33c9c320e8895b9bc082#2": {
        "address": "addr1xyezq8wpaqnssdjvd3p220uf7e6nzjae44w6yu625y965rfjyqwur6p8pqmycmzz55lcnan4x99mnt2a5fe54ggt4gxs8thzgk",
        "datum": null,
        "datumhash": null,
        "inlineDatum": null,
        "inlineDatumRaw": null,
        "referenceScript": null,
        "value": {
            "c48cbb3d5e57ed56e276bc45f99ab39abe94e6cd7ac39fb402da47ad": {
                "0014df105553444d": 10439524
            },
            "lovelace": 2306000
        }
    },
    "e95251993c0ed08c52d4063da1aeba193e4327d4900168111fe73f61ed10d3c5#1": {
        "address": "addr1xyezq8wpaqnssdjvd3p220uf7e6nzjae44w6yu625y965rfjyqwur6p8pqmycmzz55lcnan4x99mnt2a5fe54ggt4gxs8thzgk",
        "datum": null,
        "datumhash": null,
        "inlineDatum": null,
        "inlineDatumRaw": null,
        "referenceScript": null,
        "value": {
            "c48cbb3d5e57ed56e276bc45f99ab39abe94e6cd7ac39fb402da47ad": {
                "0014df105553444d": 5002624518
            },
            "lovelace": 2306000
        }
    }
}