{
    "57faba5b7d213649b118052e5ac4f48d9730f6d1a9f71af1b46d15d09b6c4519#0": {
        "address": "addr1x8ax5k9mutg07p2ngscu3chsauktmstq92z9de938j8nqaejyqwur6p8pqmycmzz55lcnan4x99mnt2a5fe54ggt4gxst7gy3n",
        "datum": null,
        "inlineDatum": {
            "constructor": 0,
            "fields": [
                {
                    "constructor": 0,
                    "fields": [
                        {
                            "bytes": "64f35d26b237ad58e099041bc14c687ea7fdc58969d7d5b66e2540ef"
                        }
                    ]
                },
                {
                    "constructor": 3,
                    "fields": [
                        {
                            "int": 2
                        },
                        {
                            "list": [
                                {
                                    "constructor": 0,
                                    "fields": [
                                        {
                                            "bytes": "7095faf3d48d582fbae8b3f2e726670d7a35e2400c783d992bbdeffb"
                                        }
                                    ]
                                },
                                {
                                    "constructor": 0,
                                    "fields": [
                                        {
                                            "bytes": "f3ab64b0f97dcf0f91232754603283df5d75a1201337432c04d23e2e"
                                        }
                                    ]
                                },
                                {
                                    "constructor": 0,
                                    "fields": [
                                        {
                                            "bytes": "8bd03209d227956aaf9670751e0aa2057b51c1537a43f155b24fb1c1"
                                        }
                                    ]
                                },
                                {
                                    "constructor": 0,
                                    "fields": [
                                        {
                                            "bytes": "97e0f6d6c86dbebf15cc8fdf0981f939b2f2b70928a46511edd49df2"
                                        }
                                    ]
                                }
                            ]
                        }
                    ]
                },
                {
                    "int": 1280000
                },
                {
                    "constructor": 0,
                    "fields": [
                        {
                            "constructor": 0,
                            "fields": [
                                {
                                    "constructor": 1,
                                    "fields": [
                                        {
                                            "bytes": "32201dc1e82708364c6c42a53f89f675314bb9ad5da2734aa10baa0d"
                                        }
                                    ]
                                },
                                {
                                    "constructor": 0,
                                    "fields": [
                                        {
                                            "constructor": 0,
                                            "fields": [
                                                {
                                                    "constructor": 1,
                                                    "fields": [
                                                        {
                                                            "bytes": "32201dc1e82708364c6c42a53f89f675314bb9ad5da2734aa10baa0d"
                                                        }
                                                    ]
                                                }
                                            ]
                                        }
                                    ]
                                }
                            ]
                        },
                        {
                            "constructor": 0,
                            "fields": []
                        }
                    ]
                },
                {
                    "constructor": 1,
                    "fields": [
                        {
                            "list": [
                                {
                                    "bytes": ""
                                },
                                {
                                    "bytes": ""
                                },
                                {
                                    "int": 26178010472
                                }
                            ]
                        },
                        {
                            "list": [
                                {
                                    "bytes": "c48cbb3d5e57ed56e276bc45f99ab39abe94e6cd7ac39fb402da47ad"
                                },
                                {
                                    "bytes": "0014df105553444d"
                                },
                                {
                                    "int": 5000000001
                                }
                            ]
                        }
                    ]
                },
                {
                    "constructor": 0,
                    "fields": []
                }
            ]
        },
        "inlineDatumRaw": "d8799fd8799f581c64f35d26b237ad58e099041bc14c687ea7fdc58969d7d5b66e2540efffd87c9f029fd8799f581c7095faf3d48d582fbae8b3f2e726670d7a35e2400c783d992bbdeffbffd8799f581cf3ab64b0f97dcf0f91232754603283df5d75a1201337432c04d23e2effd8799f581c8bd03209d227956aaf9670751e0aa2057b51c1537a43f155b24fb1c1ffd8799f581c97e0f6d6c86dbebf15cc8fdf0981f939b2f2b70928a46511edd49df2ffffff1a00138800d8799fd8799fd87a9f581c32201dc1e82708364c6c42a53f89f675314bb9ad5da2734aa10baa0dffd8799fd8799fd87a9f581c32201dc1e82708364c6c42a53f89f675314bb9ad5da2734aa10baa0dffffffffd87980ffd87a9f9f40401b000000061854bd68ff9f581cc48cbb3d5e57ed56e276bc45f99ab39abe94e6cd7ac39fb402da47ad480014df105553444d1b000000012a05f201ffffd87980ff",
        "inlineDatumhash": "19d1ba31e29d0b6b68b145a3a7168c103430df9fdd5e51f7b2a239e5150c0a2b",
        "referenceScript": null,
        "value": {
            "lovelace": 26181290472
        }
    },
    "57faba5b7d213649b118052e5ac4f48d9730f6d1a9f71af1b46d15d09b6c4519#1": {
        "address": "addr1x8ax5k9mutg07p2ngscu3chsauktmstq92z9de938j8nqaejyqwur6p8pqmycmzz55lcnan4x99mnt2a5fe54ggt4gxst7gy3n",
        "datum": null,
        "inlineDatum": {
            "constructor": 0,
            "fields": [
                {
                    "constructor": 0,
                    "fields": [
                        {
                            "bytes": "64f35d26b237ad58e099041bc14c687ea7fdc58969d7d5b66e2540ef"
                        }
                    ]
                },
                {
                    "constructor": 3,
                    "fields": [
                        {
                            "int": 2
                        },
                        {
                            "list": [
                                {
                                    "constructor": 0,
                                    "fields": [
                                        {
                                            "bytes": "7095faf3d48d582fbae8b3f2e726670d7a35e2400c783d992bbdeffb"
                                        }
                                    ]
                                },
                                {
                                    "constructor": 0,
                                    "fields": [
                                        {
                                            "bytes": "f3ab64b0f97dcf0f91232754603283df5d75a1201337432c04d23e2e"
                                        }
                                    ]
                                },
                                {
                                    "constructor": 0,
                                    "fields": [
                                        {
                                            "bytes": "8bd03209d227956aaf9670751e0aa2057b51c1537a43f155b24fb1c1"
                                        }
                                    ]
                                },
                                {
                                    "constructor": 0,
                                    "fields": [
                                        {
                                            "bytes": "97e0f6d6c86dbebf15cc8fdf0981f939b2f2b70928a46511edd49df2"
                                        }
                                    ]
                                }
                            ]
                        }
                    ]
                },
                {
                    "int": 1280000
                },
                {
                    "constructor": 0,
                    "fields": [
                        {
                            "constructor": 0,
                            "fields": [
                                {
                                    "constructor": 1,
                                    "fields": [
                                        {
                                            "bytes": "32201dc1e82708364c6c42a53f89f675314bb9ad5da2734aa10baa0d"
                                        }
                                    ]
                                },
                                {
                                    "constructor": 0,
                                    "fields": [
                                        {
                                            "constructor": 0,
                                            "fields": [
                                                {
                                                    "constructor": 1,
                                                    "fields": [
                                                        {
                                                            "bytes": "32201dc1e82708364c6c42a53f89f675314bb9ad5da2734aa10baa0d"
                                                        }
                                                    ]
                                                }
                                            ]
                                        }
                                    ]
                                }
                            ]
                        },
                        {
                            "constructor": 0,
                            "fields": []
                        }
                    ]
                },
                {
                    "constructor": 1,
                    "fields": [
                        {
                            "list": [
                                {
                                    "bytes": ""
                                },
                                {
                                    "bytes": ""
                                },
                                {
                                    "int": 26178010472
                                }
                            ]
                        },
                        {
                            "list": [
                                {
                                    "bytes": "c48cbb3d5e57ed56e276bc45f99ab39abe94e6cd7ac39fb402da47ad"
                                },
                                {
                                    "bytes": "0014df105553444d"
                                },
                                {
                                    "int": 5000000001
                                }
                            ]
                        }
                    ]
                },
                {
                    "constructor": 0,
                    "fields": []
                }
            ]
        },
        "inlineDatumRaw": "d8799fd8799f581c64f35d26b237ad58e099041bc14c687ea7fdc58969d7d5b66e2540efffd87c9f029fd8799f581c7095faf3d48d582fbae8b3f2e726670d7a35e2400c783d992bbdeffbffd8799f581cf3ab64b0f97dcf0f91232754603283df5d75a1201337432c04d23e2effd8799f581c8bd03209d227956aaf9670751e0aa2057b51c1537a43f155b24fb1c1ffd8799f581c97e0f6d6c86dbebf15cc8fdf0981f939b2f2b70928a46511edd49df2ffffff1a00138800d8799fd8799fd87a9f581c32201dc1e82708364c6c42a53f89f675314bb9ad5da2734aa10baa0dffd8799fd8799fd87a9f581c32201dc1e82708364c6c42a53f89f675314bb9ad5da2734aa10baa0dffffffffd87980ffd87a9f9f40401b000000061854bd68ff9f581cc48cbb3d5e57ed56e276bc45f99ab39abe94e6cd7ac39fb402da47ad480014df105553444d1b000000012a05f201ffffd87980ff",
        "inlineDatumhash": "19d1ba31e29d0b6b68b145a3a7168c103430df9fdd5e51f7b2a239e5150c0a2b",
        "referenceScript": null,
        "value": {
            "lovelace": 26181290472
        }
    },
    "57faba5b7d213649b118052e5ac4f48d9730f6d1a9f71af1b46d15d09b6c4519#2": {
        "address": "addr1x8ax5k9mutg07p2ngscu3chsauktmstq92z9de938j8nqaejyqwur6p8pqmycmzz55lcnan4x99mnt2a5fe54ggt4gxst7gy3n",
        "datum": null,
        "inlineDatum": {
            "constructor": 0,
            "fields": [
                {
                    "constructor": 0,
                    "fields": [
                        {
                            "bytes": "64f35d26b237ad58e099041bc14c687ea7fdc58969d7d5b66e2540ef"
                        }
                    ]
                },
                {
                    "constructor": 3,
                    "fields": [
                        {
                            "int": 2
                        },
                        {
                            "list": [
                                {
                                    "constructor": 0,
                                    "fields": [
                                        {
                                            "bytes": "7095faf3d48d582fbae8b3f2e726670d7a35e2400c783d992bbdeffb"
                                        }
                                    ]
                                },
                                {
                                    "constructor": 0,
                                    "fields": [
                                        {
                                            "bytes": "f3ab64b0f97dcf0f91232754603283df5d75a1201337432c04d23e2e"
                                        }
                                    ]
                                },
                                {
                                    "constructor": 0,
                                    "fields": [
                                        {
                                            "bytes": "8bd03209d227956aaf9670751e0aa2057b51c1537a43f155b24fb1c1"
                                        }
                                    ]
                                },
                                {
                                    "constructor": 0,
                                    "fields": [
                                        {
                                            "bytes": "97e0f6d6c86dbebf15cc8fdf0981f939b2f2b70928a46511edd49df2"
                                        }
                                    ]
                                }
                            ]
                        }
                    ]
                },
                {
                    "int": 1280000
                },
                {
                    "constructor": 0,
                    "fields": [
                        {
                            "constructor": 0,
                            "fields": [
                                {
                                    "constructor": 1,
                                    "fields": [
                                        {
                                            "bytes": "32201dc1e82708364c6c42a53f89f675314bb9ad5da2734aa10baa0d"
                                        }
                                    ]
                                },
                                {
                                    "constructor": 0,
                                    "fields": [
                                        {
                                            "constructor": 0,
                                            "fields": [
                                                {
                                                    "constructor": 1,
                                                    "fields": [
                                                        {
                                                            "bytes": "32201dc1e82708364c6c42a53f89f675314bb9ad5da2734aa10baa0d"
                                                        }
                                                    ]
                                                }
                                            ]
                                        }
                                    ]
                                }
                            ]
                        },
                        {
                            "constructor": 0,
                            "fields": []
                        }
                    ]
                },
                {
                    "constructor": 1,
                    "fields": [
                        {
                            "list": [
                                {
                                    "bytes": ""
                                },
                                {
                                    "bytes": ""
                                },
                                {
                                    "int": 26178010471
                                }
                            ]
                        },
                        {
                            "list": [
                                {
                                    "bytes": "c48cbb3d5e57ed56e276bc45f99ab39abe94e6cd7ac39fb402da47ad"
                                },
                                {
                                    "bytes": "0014df105553444d"
                                },
                                {
                                    "int": 5000000000
                                }
                            ]
                        }
                    ]
                },
                {
                    "constructor": 0,
                    "fields": []
                }
            ]
        },
        "inlineDatumRaw": "d8799fd8799f581c64f35d26b237ad58e099041bc14c687ea7fdc58969d7d5b66e2540efffd87c9f029fd8799f581c7095faf3d48d582fbae8b3f2e726670d7a35e2400c783d992bbdeffbffd8799f581cf3ab64b0f97dcf0f91232754603283df5d75a1201337432c04d23e2effd8799f581c8bd03209d227956aaf9670751e0aa2057b51c1537a43f155b24fb1c1ffd8799f581c97e0f6d6c86dbebf15cc8fdf0981f939b2f2b70928a46511edd49df2ffffff1a00138800d8799fd8799fd87a9f581c32201dc1e82708364c6c42a53f89f675314bb9ad5da2734aa10baa0dffd8799fd8799fd87a9f581c32201dc1e82708364c6c42a53f89f675314bb9ad5da2734aa10baa0dffffffffd87980ffd87a9f9f40401b000000061854bd67ff9f581cc48cbb3d5e57ed56e276bc45f99ab39abe94e6cd7ac39fb402da47ad480014df105553444d1b000000012a05f200ffffd87980ff",
        "inlineDatumhash": "25de0b42fcb48f89226a448275fad422d81eed178136d1d093daec0e24d89908",
        "referenceScript": null,
        "value": {
            "lovelace": 26181290471
        }
    },
    "57faba5b7d213649b118052e5ac4f48d9730f6d1a9f71af1b46d15d09b6c4519#3": {
        "address": "addr1x8ax5k9mutg07p2ngscu3chsauktmstq92z9de938j8nqaejyqwur6p8pqmycmzz55lcnan4x99mnt2a5fe54ggt4gxst7gy3n",
        "datum": null,
        "inlineDatum": {
            "constructor": 0,
            "fields": [
                {
                    "constructor": 0,
                    "fields": [
                        {
                            "bytes": "64f35d26b237ad58e099041bc14c687ea7fdc58969d7d5b66e2540ef"
                        }
                    ]
                },
                {
                    "constructor": 3,
                    "fields": [
                        {
                            "int": 2
                        },
                        {
                            "list": [
                                {
                                    "constructor": 0,
                                    "fields": [
                                        {
                                            "bytes": "7095faf3d48d582fbae8b3f2e726670d7a35e2400c783d992bbdeffb"
                                        }
                                    ]
                                },
                                {
                                    "constructor": 0,
                                    "fields": [
                                        {
                                            "bytes": "f3ab64b0f97dcf0f91232754603283df5d75a1201337432c04d23e2e"
                                        }
                                    ]
                                },
                                {
                                    "constructor": 0,
                                    "fields": [
                                        {
                                            "bytes": "8bd03209d227956aaf9670751e0aa2057b51c1537a43f155b24fb1c1"
                                        }
                                    ]
                                },
                                {
                                    "constructor": 0,
                                    "fields": [
                                        {
                                            "bytes": "97e0f6d6c86dbebf15cc8fdf0981f939b2f2b70928a46511edd49df2"
                                        }
                                    ]
                                }
                            ]
                        }
                    ]
                },
                {
                    "int": 1280000
                },
                {
                    "constructor": 0,
                    "fields": [
                        {
                            "constructor": 0,
                            "fields": [
                                {
                                    "constructor": 1,
                                    "fields": [
                                        {
                                            "bytes": "32201dc1e82708364c6c42a53f89f675314bb9ad5da2734aa10baa0d"
                                        }
                                    ]
                                },
                                {
                                    "constructor": 0,
                                    "fields": [
                                        {
                                            "constructor": 0,
                                            "fields": [
                                                {
                                                    "constructor": 1,
                                                    "fields": [
                                                        {
                                                            "bytes": "32201dc1e82708364c6c42a53f89f675314bb9ad5da2734aa10baa0d"
                                                        }
                                                    ]
                                                }
                                            ]
                                        }
                                    ]
                                }
                            ]
                        },
                        {
                            "constructor": 0,
                            "fields": []
                        }
                    ]
                },
                {
                    "constructor": 1,
                    "fields": [
                        {
                            "list": [
                                {
                                    "bytes": ""
                                },
                                {
                                    "bytes": ""
                                },
                                {
                                    "int": 26178010471
                                }
                            ]
                        },
                        {
                            "list": [
                                {
                                    "bytes": "c48cbb3d5e57ed56e276bc45f99ab39abe94e6cd7ac39fb402da47ad"
                                },
                                {
                                    "bytes": "0014df105553444d"
                                },
                                {
                                    "int": 5000000000
                                }
                            ]
                        }
                    ]
                },
                {
                    "constructor": 0,
                    "fields": []
                }
            ]
        },
        "inlineDatumRaw": "d8799fd8799f581c64f35d26b237ad58e099041bc14c687ea7fdc58969d7d5b66e2540efffd87c9f029fd8799f581c7095faf3d48d582fbae8b3f2e726670d7a35e2400c783d992bbdeffbffd8799f581cf3ab64b0f97dcf0f91232754603283df5d75a1201337432c04d23e2effd8799f581c8bd03209d227956aaf9670751e0aa2057b51c1537a43f155b24fb1c1ffd8799f581c97e0f6d6c86dbebf15cc8fdf0981f939b2f2b70928a46511edd49df2ffffff1a00138800d8799fd8799fd87a9f581c32201dc1e82708364c6c42a53f89f675314bb9ad5da2734aa10baa0dffd8799fd8799fd87a9f581c32201dc1e82708364c6c42a53f89f675314bb9ad5da2734aa10baa0dffffffffd87980ffd87a9f9f40401b000000061854bd67ff9f581cc48cbb3d5e57ed56e276bc45f99ab39abe94e6cd7ac39fb402da47ad480014df105553444d1b000000012a05f200ffffd87980ff",
        "inlineDatumhash": "25de0b42fcb48f89226a448275fad422d81eed178136d1d093daec0e24d89908",
        "referenceScript": null,
        "value": {
            "lovelace": 26181290471
        }
    },
    "57faba5b7d213649b118052e5ac4f48d9730f6d1a9f71af1b46d15d09b6c4519#4": {
        "address": "addr1x8ax5k9mutg07p2ngscu3chsauktmstq92z9de938j8nqaejyqwur6p8pqmycmzz55lcnan4x99mnt2a5fe54ggt4gxst7gy3n",
        "datum": null,
        "inlineDatum": {
            "constructor": 0,
            "fields": [
                {
                    "constructor": 0,
                    "fields": [
                        {
                            "bytes": "64f35d26b237ad58e099041bc14c687ea7fdc58969d7d5b66e2540ef"
                        }
                    ]
                },
                {
                    "constructor": 3,
                    "fields": [
                        {
                            "int": 2
                        },
                        {
                            "list": [
                                {
                                    "constructor": 0,
                                    "fields": [
                                        {
                                            "bytes": "7095faf3d48d582fbae8b3f2e726670d7a35e2400c783d992bbdeffb"
                                        }
                                    ]
                                },
                                {
                                    "constructor": 0,
                                    "fields": [
                                        {
                                            "bytes": "f3ab64b0f97dcf0f91232754603283df5d75a1201337432c04d23e2e"
                                        }
                                    ]
                                },
                                {
                                    "constructor": 0,
                                    "fields": [
                                        {
                                            "bytes": "8bd03209d227956aaf9670751e0aa2057b51c1537a43f155b24fb1c1"
                                        }
                                    ]
                                },
                                {
                                    "constructor": 0,
                                    "fields": [
                                        {
                                            "bytes": "97e0f6d6c86dbebf15cc8fdf0981f939b2f2b70928a46511edd49df2"
                                        }
                                    ]
                                }
                            ]
                        }
                    ]
                },
                {
                    "int": 1280000
                },
                {
                    "constructor": 0,
                    "fields": [
                        {
                            "constructor": 0,
                            "fields": [
                                {
                                    "constructor": 1,
                                    "fields": [
                                        {
                                            "bytes": "32201dc1e82708364c6c42a53f89f675314bb9ad5da2734aa10baa0d"
                                        }
                                    ]
                                },
                                {
                                    "constructor": 0,
                                    "fields": [
                                        {
                                            "constructor": 0,
                                            "fields": [
                                                {
                                                    "constructor": 1,
                                                    "fields": [
                                                        {
                                                            "bytes": "32201dc1e82708364c6c42a53f89f675314bb9ad5da2734aa10baa0d"
                                                        }
                                                    ]
                                                }
                                            ]
                                        }
                                    ]
                                }
                            ]
                        },
                        {
                            "constructor": 0,
                            "fields": []
                        }
                    ]
                },
                {
                    "constructor": 1,
                    "fields": [
                        {
                            "list": [
                                {
                                    "bytes": ""
                                },
                                {
                                    "bytes": ""
                                },
                                {
                                    "int": 26178010471
                                }
                            ]
                        },
                        {
                            "list": [
                                {
                                    "bytes": "c48cbb3d5e57ed56e276bc45f99ab39abe94e6cd7ac39fb402da47ad"
                                },
                                {
                                    "bytes": "0014df105553444d"
                                },
                                {
                                    "int": 5000000000
                                }
                            ]
                        }
                    ]
                },
                {
                    "constructor": 0,
                    "fields": []
                }
            ]
        },
        "inlineDatumRaw": "d8799fd8799f581c64f35d26b237ad58e099041bc14c687ea7fdc58969d7d5b66e2540efffd87c9f029fd8799f581c7095faf3d48d582fbae8b3f2e726670d7a35e2400c783d992bbdeffbffd8799f581cf3ab64b0f97dcf0f91232754603283df5d75a1201337432c04d23e2effd8799f581c8bd03209d227956aaf9670751e0aa2057b51c1537a43f155b24fb1c1ffd8799f581c97e0f6d6c86dbebf15cc8fdf0981f939b2f2b70928a46511edd49df2ffffff1a00138800d8799fd8799fd87a9f581c32201dc1e82708364c6c42a53f89f675314bb9ad5da2734aa10baa0dffd8799fd8799fd87a9f581c32201dc1e82708364c6c42a53f89f675314bb9ad5da2734aa10baa0dffffffffd87980ffd87a9f9f40401b000000061854bd67ff9f581cc48cbb3d5e57ed56e276bc45f99ab39abe94e6cd7ac39fb402da47ad480014df105553444d1b000000012a05f200ffffd87980ff",
        "inlineDatumhash": "25de0b42fcb48f89226a448275fad422d81eed178136d1d093daec0e24d89908",
        "referenceScript": null,
        "value": {
            "lovelace": 26181290471
        }
    },
    "57faba5b7d213649b118052e5ac4f48d9730f6d1a9f71af1b46d15d09b6c4519#5": {
        "address": "addr1x8ax5k9mutg07p2ngscu3chsauktmstq92z9de938j8nqaejyqwur6p8pqmycmzz55lcnan4x99mnt2a5fe54ggt4gxst7gy3n",
        "datum": null,
        "inlineDatum": {
            "constructor": 0,
            "fields": [
                {
                    "constructor": 0,
                    "fields": [
                        {
                            "bytes": "64f35d26b237ad58e099041bc14c687ea7fdc58969d7d5b66e2540ef"
                        }
                    ]
                },
                {
                    "constructor": 3,
                    "fields": [
                        {
                            "int": 2
                        },
                        {
                            "list": [
                                {
                                    "constructor": 0,
                                    "fields": [
                                        {
                                            "bytes": "7095faf3d48d582fbae8b3f2e726670d7a35e2400c783d992bbdeffb"
                                        }
                                    ]
                                },
                                {
                                    "constructor": 0,
                                    "fields": [
                                        {
                                            "bytes": "f3ab64b0f97dcf0f91232754603283df5d75a1201337432c04d23e2e"
                                        }
                                    ]
                                },
                                {
                                    "constructor": 0,
                                    "fields": [
                                        {
                                            "bytes": "8bd03209d227956aaf9670751e0aa2057b51c1537a43f155b24fb1c1"
                                        }
                                    ]
                                },
                                {
                                    "constructor": 0,
                                    "fields": [
                                        {
                                            "bytes": "97e0f6d6c86dbebf15cc8fdf0981f939b2f2b70928a46511edd49df2"
                                        }
                                    ]
                                }
                            ]
                        }
                    ]
                },
                {
                    "int": 1280000
                },
                {
                    "constructor": 0,
                    "fields": [
                        {
                            "constructor": 0,
                            "fields": [
                                {
                                    "constructor": 1,
                                    "fields": [
                                        {
                                            "bytes": "32201dc1e82708364c6c42a53f89f675314bb9ad5da2734aa10baa0d"
                                        }
                                    ]
                                },
                                {
                                    "constructor": 0,
                                    "fields": [
                                        {
                                            "constructor": 0,
                                            "fields": [
                                                {
                                                    "constructor": 1,
                                                    "fields": [
                                                        {
                                                            "bytes": "32201dc1e82708364c6c42a53f89f675314bb9ad5da2734aa10baa0d"
                                                        }
                                                    ]
                                                }
                                            ]
                                        }
                                    ]
                                }
                            ]
                        },
                        {
                            "constructor": 0,
                            "fields": []
                        }
                    ]
                },
                {
                    "constructor": 1,
                    "fields": [
                        {
                            "list": [
                                {
                                    "bytes": ""
                                },
                                {
                                    "bytes": ""
                                },
                                {
                                    "int": 26178010471
                                }
                            ]
                        },
                        {
                            "list": [
                                {
                                    "bytes": "c48cbb3d5e57ed56e276bc45f99ab39abe94e6cd7ac39fb402da47ad"
                                },
                                {
                                    "bytes": "0014df105553444d"
                                },
                                {
                                    "int": 5000000000
                                }
                            ]
                        }
                    ]
                },
                {
                    "constructor": 0,
                    "fields": []
                }
            ]
        },
        "inlineDatumRaw": "d8799fd8799f581c64f35d26b237ad58e099041bc14c687ea7fdc58969d7d5b66e2540efffd87c9f029fd8799f581c7095faf3d48d582fbae8b3f2e726670d7a35e2400c783d992bbdeffbffd8799f581cf3ab64b0f97dcf0f91232754603283df5d75a1201337432c04d23e2effd8799f581c8bd03209d227956aaf9670751e0aa2057b51c1537a43f155b24fb1c1ffd8799f581c97e0f6d6c86dbebf15cc8fdf0981f939b2f2b70928a46511edd49df2ffffff1a00138800d8799fd8799fd87a9f581c32201dc1e82708364c6c42a53f89f675314bb9ad5da2734aa10baa0dffd8799fd8799fd87a9f581c32201dc1e82708364c6c42a53f89f675314bb9ad5da2734aa10baa0dffffffffd87980ffd87a9f9f40401b000000061854bd67ff9f581cc48cbb3d5e57ed56e276bc45f99ab39abe94e6cd7ac39fb402da47ad480014df105553444d1b000000012a05f200ffffd87980ff",
        "inlineDatumhash": "25de0b42fcb48f89226a448275fad422d81eed178136d1d093daec0e24d89908",
        "referenceScript": null,
        "value": {
            "lovelace": 26181290471
        }
    },
    "57faba5b7d213649b118052e5ac4f48d9730f6d1a9f71af1b46d15d09b6c4519#6": {
        "address": "addr1x8ax5k9mutg07p2ngscu3chsauktmstq92z9de938j8nqaejyqwur6p8pqmycmzz55lcnan4x99mnt2a5fe54ggt4gxst7gy3n",
        "datum": null,
        "inlineDatum": {
            "constructor": 0,
            "fields": [
                {
                    "constructor": 0,
                    "fields": [
                        {
                            "bytes": "64f35d26b237ad58e099041bc14c687ea7fdc58969d7d5b66e2540ef"
                        }
                    ]
                },
                {
                    "constructor": 3,
                    "fields": [
                        {
                            "int": 2
                        },
                        {
                            "list": [
                                {
                                    "constructor": 0,
                                    "fields": [
                                        {
                                            "bytes": "7095faf3d48d582fbae8b3f2e726670d7a35e2400c783d992bbdeffb"
                                        }
                                    ]
                                },
                                {
                                    "constructor": 0,
                                    "fields": [
                                        {
                                            "bytes": "f3ab64b0f97dcf0f91232754603283df5d75a1201337432c04d23e2e"
                                        }
                                    ]
                                },
                                {
                                    "constructor": 0,
                                    "fields": [
                                        {
                                            "bytes": "8bd03209d227956aaf9670751e0aa2057b51c1537a43f155b24fb1c1"
                                        }
                                    ]
                                },
                                {
                                    "constructor": 0,
                                    "fields": [
                                        {
                                            "bytes": "97e0f6d6c86dbebf15cc8fdf0981f939b2f2b70928a46511edd49df2"
                                        }
                                    ]
                                }
                            ]
                        }
                    ]
                },
                {
                    "int": 1280000
                },
                {
                    "constructor": 0,
                    "fields": [
                        {
                            "constructor": 0,
                            "fields": [
                                {
                                    "constructor": 1,
                                    "fields": [
                                        {
                                            "bytes": "32201dc1e82708364c6c42a53f89f675314bb9ad5da2734aa10baa0d"
                                        }
                                    ]
                                },
                                {
                                    "constructor": 0,
                                    "fields": [
                                        {
                                            "constructor": 0,
                                            "fields": [
                                                {
                                                    "constructor": 1,
                                                    "fields": [
                                                        {
                                                            "bytes": "32201dc1e82708364c6c42a53f89f675314bb9ad5da2734aa10baa0d"
                                                        }
                                                    ]
                                                }
                                            ]
                                        }
                                    ]
                                }
                            ]
                        },
                        {
                            "constructor": 0,
                            "fields": []
                        }
                    ]
                },
                {
                    "constructor": 1,
                    "fields": [
                        {
                            "list": [
                                {
                                    "bytes": ""
                                },
                                {
                                    "bytes": ""
                                },
                                {
                                    "int": 26178010471
                                }
                            ]
                        },
                        {
                            "list": [
                                {
                                    "bytes": "c48cbb3d5e57ed56e276bc45f99ab39abe94e6cd7ac39fb402da47ad"
                                },
                                {
                                    "bytes": "0014df105553444d"
                                },
                                {
                                    "int": 5000000000
                                }
                            ]
                        }
                    ]
                },
                {
                    "constructor": 0,
                    "fields": []
                }
            ]
        },
        "inlineDatumRaw": "d8799fd8799f581c64f35d26b237ad58e099041bc14c687ea7fdc58969d7d5b66e2540efffd87c9f029fd8799f581c7095faf3d48d582fbae8b3f2e726670d7a35e2400c783d992bbdeffbffd8799f581cf3ab64b0f97dcf0f91232754603283df5d75a1201337432c04d23e2effd8799f581c8bd03209d227956aaf9670751e0aa2057b51c1537a43f155b24fb1c1ffd8799f581c97e0f6d6c86dbebf15cc8fdf0981f939b2f2b70928a46511edd49df2ffffff1a00138800d8799fd8799fd87a9f581c32201dc1e82708364c6c42a53f89f675314bb9ad5da2734aa10baa0dffd8799fd8799fd87a9f581c32201dc1e82708364c6c42a53f89f675314bb9ad5da2734aa10baa0dffffffffd87980ffd87a9f9f40401b000000061854bd67ff9f581cc48cbb3d5e57ed56e276bc45f99ab39abe94e6cd7ac39fb402da47ad480014df105553444d1b000000012a05f200ffffd87980ff",
        "inlineDatumhash": "25de0b42fcb48f89226a448275fad422d81eed178136d1d093daec0e24d89908",
        "referenceScript": null,
        "value": {
            "lovelace": 26181290471
        }
    },
    "57faba5b7d213649b118052e5ac4f48d9730f6d1a9f71af1b46d15d09b6c4519#7": {
        "address": "addr1x8ax5k9mutg07p2ngscu3chsauktmstq92z9de938j8nqaejyqwur6p8pqmycmzz55lcnan4x99mnt2a5fe54ggt4gxst7gy3n",
        "datum": null,
        "inlineDatum": {
            "constructor": 0,
            "fields": [
                {
                    "constructor": 0,
                    "fields": [
                        {
                            "bytes": "64f35d26b237ad58e099041bc14c687ea7fdc58969d7d5b66e2540ef"
                        }
                    ]
                },
                {
                    "constructor": 3,
                    "fields": [
                        {
                            "int": 2
                        },
                        {
                            "list": [
                                {
                                    "constructor": 0,
                                    "fields": [
                                        {
                                            "bytes": "7095faf3d48d582fbae8b3f2e726670d7a35e2400c783d992bbdeffb"
                                        }
                                    ]
                                },
                                {
                                    "constructor": 0,
                                    "fields": [
                                        {
                                            "bytes": "f3ab64b0f97dcf0f91232754603283df5d75a1201337432c04d23e2e"
                                        }
                                    ]
                                },
                                {
                                    "constructor": 0,
                                    "fields": [
                                        {
                                            "bytes": "8bd03209d227956aaf9670751e0aa2057b51c1537a43f155b24fb1c1"
                                        }
                                    ]
                                },
                                {
                                    "constructor": 0,
                                    "fields": [
                                        {
                                            "bytes": "97e0f6d6c86dbebf15cc8fdf0981f939b2f2b70928a46511edd49df2"
                                        }
                                    ]
                                }
                            ]
                        }
                    ]
                },
                {
                    "int": 1280000
                },
                {
                    "constructor": 0,
                    "fields": [
                        {
                            "constructor": 0,
                            "fields": [
                                {
                                    "constructor": 1,
                                    "fields": [
                                        {
                                            "bytes": "32201dc1e82708364c6c42a53f89f675314bb9ad5da2734aa10baa0d"
                                        }
                                    ]
                                },
                                {
                                    "constructor": 0,
                                    "fields": [
                                        {
                                            "constructor": 0,
                                            "fields": [
                                                {
                                                    "constructor": 1,
                                                    "fields": [
                                                        {
                                                            "bytes": "32201dc1e82708364c6c42a53f89f675314bb9ad5da2734aa10baa0d"
                                                        }
                                                    ]
                                                }
                                            ]
                                        }
                                    ]
                                }
                            ]
                        },
                        {
                            "constructor": 0,
                            "fields": []
                        }
                    ]
                },
                {
                    "constructor": 1,
                    "fields": [
                        {
                            "list": [
                                {
                                    "bytes": ""
                                },
                                {
                                    "bytes": ""
                                },
                                {
                                    "int": 26178010471
                                }
                            ]
                        },
                        {
                            "list": [
                                {
                                    "bytes": "c48cbb3d5e57ed56e276bc45f99ab39abe94e6cd7ac39fb402da47ad"
                                },
                                {
                                    "bytes": "0014df105553444d"
                                },
                                {
                                    "int": 5000000000
                                }
                            ]
                        }
                    ]
                },
                {
                    "constructor": 0,
                    "fields": []
                }
            ]
        },
        "inlineDatumRaw": "d8799fd8799f581c64f35d26b237ad58e099041bc14c687ea7fdc58969d7d5b66e2540efffd87c9f029fd8799f581c7095faf3d48d582fbae8b3f2e726670d7a35e2400c783d992bbdeffbffd8799f581cf3ab64b0f97dcf0f91232754603283df5d75a1201337432c04d23e2effd8799f581c8bd03209d227956aaf9670751e0aa2057b51c1537a43f155b24fb1c1ffd8799f581c97e0f6d6c86dbebf15cc8fdf0981f939b2f2b70928a46511edd49df2ffffff1a00138800d8799fd8799fd87a9f581c32201dc1e82708364c6c42a53f89f675314bb9ad5da2734aa10baa0dffd8799fd8799fd87a9f581c32201dc1e82708364c6c42a53f89f675314bb9ad5da2734aa10baa0dffffffffd87980ffd87a9f9f40401b000000061854bd67ff9f581cc48cbb3d5e57ed56e276bc45f99ab39abe94e6cd7ac39fb402da47ad480014df105553444d1b000000012a05f200ffffd87980ff",
        "inlineDatumhash": "25de0b42fcb48f89226a448275fad422d81eed178136d1d093daec0e24d89908",
        "referenceScript": null,
        "value": {
            "lovelace": 26181290471
        }
    }
}