body
+- collateralInputs
|  `- 0
|     +- resolved
|     |  +- address
|     |  |  `- "user.recipient"
|     |  `- coin
|     |     `- 77.411622 ADA (77411622 lovelace)
|     `- txIn
|        `- {"index":2,"txId":"968fd01e074ca33de95087957f59803bb2ee8bacfe922eb81cdf18e8e23ad788"}
+- fee
|  `- 0.553139 ADA (553139 lovelace)
+- inputs
|  +- 0
|  |  +- resolved
|  |  |  +- address
|  |  |  |  `- "user.recipient"
|  |  |  `- coin
|  |  |     `- 77.411622 ADA (77411622 lovelace)
|  |  `- txIn
|  |     `- {"index":2,"txId":"968fd01e074ca33de95087957f59803bb2ee8bacfe922eb81cdf18e8e23ad788"}
|  `- 1
|     +- resolved
|     |  +- address
|     |  |  `- "amaru-treasury.network_compliance.account"
|     |  `- coin
|     |     `- 610923.506020 ADA (610923506020 lovelace)
|     `- txIn
|        `- {"index":2,"txId":"efff271aa02e9032aba0e5e9020c5840b2aa1b219c59f9f16e1d6e51071bea1e"}
+- outputs
|  +- SwapOrder
|  |  +- coin
|  |  |  +- 0..1
|  |  |  |  `- 26181.290472 ADA (26181290472 lovelace)
|  |  |  `- 2..7
|  |  |     `- 26181.290471 ADA (26181290471 lovelace)
|  |  `- datum
|  |     `- constructor
|  |        `- 0..7
|  |           `- 0
|  +- 0
|  |  +- address
|  |  |  `- "amaru.swap-order"
|  |  `- datum
|  |     `- fields
|  |        +- 0
|  |        |  +- constructor
|  |        |  |  `- 0
|  |        |  `- fields
|  |        |     `- 0
|  |        |        `- {"bytes":"64f35d26b237ad58e099041bc14c687ea7fdc58969d7d5b66e2540ef"}
|  |        +- 1
|  |        |  +- constructor
|  |        |  |  `- 3
|  |        |  `- fields
|  |        |     +- 0
|  |        |     |  `- 2
|  |        |     `- 1
|  |        |        +- 0
|  |        |        |  +- constructor
|  |        |        |  |  `- 0
|  |        |        |  `- fields
|  |        |        |     `- 0
|  |        |        |        `- {"bytes":"7095faf3d48d582fbae8b3f2e726670d7a35e2400c783d992bbdeffb"}
|  |        |        +- 1
|  |        |        |  +- constructor
|  |        |        |  |  `- 0
|  |        |        |  `- fields
|  |        |        |     `- 0
|  |        |        |        `- {"bytes":"f3ab64b0f97dcf0f91232754603283df5d75a1201337432c04d23e2e"}
|  |        |        +- 2
|  |        |        |  +- constructor
|  |        |        |  |  `- 0
|  |        |        |  `- fields
|  |        |        |     `- 0
|  |        |        |        `- {"bytes":"8bd03209d227956aaf9670751e0aa2057b51c1537a43f155b24fb1c1"}
|  |        |        `- 3
|  |        |           +- constructor
|  |        |           |  `- 0
|  |        |           `- fields
|  |        |              `- 0
|  |        |                 `- {"bytes":"97e0f6d6c86dbebf15cc8fdf0981f939b2f2b70928a46511edd49df2"}
|  |        +- 2
|  |        |  `- 1280000
|  |        +- 3
|  |        |  +- constructor
|  |        |  |  `- 0
|  |        |  `- fields
|  |        |     +- 0
|  |        |     |  +- constructor
|  |        |     |  |  `- 0
|  |        |     |  `- fields
|  |        |     |     +- 0
|  |        |     |     |  +- constructor
|  |        |     |     |  |  `- 1
|  |        |     |     |  `- fields
|  |        |     |     |     `- 0
|  |        |     |     |        `- {"bytes":"32201dc1e82708364c6c42a53f89f675314bb9ad5da2734aa10baa0d"}
|  |        |     |     `- 1
|  |        |     |        +- constructor
|  |        |     |        |  `- 0
|  |        |     |        `- fields
|  |        |     |           `- 0
|  |        |     |              +- constructor
|  |        |     |              |  `- 0
|  |        |     |              `- fields
|  |        |     |                 `- 0
|  |        |     |                    +- constructor
|  |        |     |                    |  `- 1
|  |        |     |                    `- fields
|  |        |     |                       `- 0
|  |        |     |                          `- {"bytes":"32201dc1e82708364c6c42a53f89f675314bb9ad5da2734aa10baa0d"}
|  |        |     `- 1
|  |        |        `- constructor
|  |        |           `- 0
|  |        +- 4
|  |        |  +- constructor
|  |        |  |  `- 1
|  |        |  `- fields
|  |        |     +- 0
|  |        |     |  +- 0
|  |        |     |  |  `- {"bytes":""}
|  |        |     |  +- 1
|  |        |     |  |  `- {"bytes":""}
|  |        |     |  `- 2
|  |        |     |     `- 26178010472
|  |        |     `- 1
|  |        |        +- 0
|  |        |        |  `- {"bytes":"c48cbb3d5e57ed56e276bc45f99ab39abe94e6cd7ac39fb402da47ad"}
|  |        |        +- 1
|  |        |        |  `- {"bytes":"0014df105553444d"}
|  |        |        `- 2
|  |        |           `- 5000000001
|  |        `- 5
|  |           `- constructor
|  |              `- 0
|  +- 1
|  |  +- address
|  |  |  `- "amaru.swap-order"
|  |  `- datum
|  |     `- fields
|  |        +- 0
|  |        |  +- constructor
|  |        |  |  `- 0
|  |        |  `- fields
|  |        |     `- 0
|  |        |        `- {"bytes":"64f35d26b237ad58e099041bc14c687ea7fdc58969d7d5b66e2540ef"}
|  |        +- 1
|  |        |  +- constructor
|  |        |  |  `- 3
|  |        |  `- fields
|  |        |     +- 0
|  |        |     |  `- 2
|  |        |     `- 1
|  |        |        +- 0
|  |        |        |  +- constructor
|  |        |        |  |  `- 0
|  |        |        |  `- fields
|  |        |        |     `- 0
|  |        |        |        `- {"bytes":"7095faf3d48d582fbae8b3f2e726670d7a35e2400c783d992bbdeffb"}
|  |        |        +- 1
|  |        |        |  +- constructor
|  |        |        |  |  `- 0
|  |        |        |  `- fields
|  |        |        |     `- 0
|  |        |        |        `- {"bytes":"f3ab64b0f97dcf0f91232754603283df5d75a1201337432c04d23e2e"}
|  |        |        +- 2
|  |        |        |  +- constructor
|  |        |        |  |  `- 0
|  |        |        |  `- fields
|  |        |        |     `- 0
|  |        |        |        `- {"bytes":"8bd03209d227956aaf9670751e0aa2057b51c1537a43f155b24fb1c1"}
|  |        |        `- 3
|  |        |           +- constructor
|  |        |           |  `- 0
|  |        |           `- fields
|  |        |              `- 0
|  |        |                 `- {"bytes":"97e0f6d6c86dbebf15cc8fdf0981f939b2f2b70928a46511edd49df2"}
|  |        +- 2
|  |        |  `- 1280000
|  |        +- 3
|  |        |  +- constructor
|  |        |  |  `- 0
|  |        |  `- fields
|  |        |     +- 0
|  |        |     |  +- constructor
|  |        |     |  |  `- 0
|  |        |     |  `- fields
|  |        |     |     +- 0
|  |        |     |     |  +- constructor
|  |        |     |     |  |  `- 1
|  |        |     |     |  `- fields
|  |        |     |     |     `- 0
|  |        |     |     |        `- {"bytes":"32201dc1e82708364c6c42a53f89f675314bb9ad5da2734aa10baa0d"}
|  |        |     |     `- 1
|  |        |     |        +- constructor
|  |        |     |        |  `- 0
|  |        |     |        `- fields
|  |        |     |           `- 0
|  |        |     |              +- constructor
|  |        |     |              |  `- 0
|  |        |     |              `- fields
|  |        |     |                 `- 0
|  |        |     |                    +- constructor
|  |        |     |                    |  `- 1
|  |        |     |                    `- fields
|  |        |     |                       `- 0
|  |        |     |                          `- {"bytes":"32201dc1e82708364c6c42a53f89f675314bb9ad5da2734aa10baa0d"}
|  |        |     `- 1
|  |        |        `- constructor
|  |        |           `- 0
|  |        +- 4
|  |        |  +- constructor
|  |        |  |  `- 1
|  |        |  `- fields
|  |        |     +- 0
|  |        |     |  +- 0
|  |        |     |  |  `- {"bytes":""}
|  |        |     |  +- 1
|  |        |     |  |  `- {"bytes":""}
|  |        |     |  `- 2
|  |        |     |     `- 26178010472
|  |        |     `- 1
|  |        |        +- 0
|  |        |        |  `- {"bytes":"c48cbb3d5e57ed56e276bc45f99ab39abe94e6cd7ac39fb402da47ad"}
|  |        |        +- 1
|  |        |        |  `- {"bytes":"0014df105553444d"}
|  |        |        `- 2
|  |        |           `- 5000000001
|  |        `- 5
|  |           `- constructor
|  |              `- 0
|  +- 2
|  |  +- address
|  |  |  `- "amaru.swap-order"
|  |  `- datum
|  |     `- fields
|  |        +- 0
|  |        |  +- constructor
|  |        |  |  `- 0
|  |        |  `- fields
|  |        |     `- 0
|  |        |        `- {"bytes":"64f35d26b237ad58e099041bc14c687ea7fdc58969d7d5b66e2540ef"}
|  |        +- 1
|  |        |  +- constructor
|  |        |  |  `- 3
|  |        |  `- fields
|  |        |     +- 0
|  |        |     |  `- 2
|  |        |     `- 1
|  |        |        +- 0
|  |        |        |  +- constructor
|  |        |        |  |  `- 0
|  |        |        |  `- fields
|  |        |        |     `- 0
|  |        |        |        `- {"bytes":"7095faf3d48d582fbae8b3f2e726670d7a35e2400c783d992bbdeffb"}
|  |        |        +- 1
|  |        |        |  +- constructor
|  |        |        |  |  `- 0
|  |        |        |  `- fields
|  |        |        |     `- 0
|  |        |        |        `- {"bytes":"f3ab64b0f97dcf0f91232754603283df5d75a1201337432c04d23e2e"}
|  |        |        +- 2
|  |        |        |  +- constructor
|  |        |        |  |  `- 0
|  |        |        |  `- fields
|  |        |        |     `- 0
|  |        |        |        `- {"bytes":"8bd03209d227956aaf9670751e0aa2057b51c1537a43f155b24fb1c1"}
|  |        |        `- 3
|  |        |           +- constructor
|  |        |           |  `- 0
|  |        |           `- fields
|  |        |              `- 0
|  |        |                 `- {"bytes":"97e0f6d6c86dbebf15cc8fdf0981f939b2f2b70928a46511edd49df2"}
|  |        +- 2
|  |        |  `- 1280000
|  |        +- 3
|  |        |  +- constructor
|  |        |  |  `- 0
|  |        |  `- fields
|  |        |     +- 0
|  |        |     |  +- constructor
|  |        |     |  |  `- 0
|  |        |     |  `- fields
|  |        |     |     +- 0
|  |        |     |     |  +- constructor
|  |        |     |     |  |  `- 1
|  |        |     |     |  `- fields
|  |        |     |     |     `- 0
|  |        |     |     |        `- {"bytes":"32201dc1e82708364c6c42a53f89f675314bb9ad5da2734aa10baa0d"}
|  |        |     |     `- 1
|  |        |     |        +- constructor
|  |        |     |        |  `- 0
|  |        |     |        `- fields
|  |        |     |           `- 0
|  |        |     |              +- constructor
|  |        |     |              |  `- 0
|  |        |     |              `- fields
|  |        |     |                 `- 0
|  |        |     |                    +- constructor
|  |        |     |                    |  `- 1
|  |        |     |                    `- fields
|  |        |     |                       `- 0
|  |        |     |                          `- {"bytes":"32201dc1e82708364c6c42a53f89f675314bb9ad5da2734aa10baa0d"}
|  |        |     `- 1
|  |        |        `- constructor
|  |        |           `- 0
|  |        +- 4
|  |        |  +- constructor
|  |        |  |  `- 1
|  |        |  `- fields
|  |        |     +- 0
|  |        |     |  +- 0
|  |        |     |  |  `- {"bytes":""}
|  |        |     |  +- 1
|  |        |     |  |  `- {"bytes":""}
|  |        |     |  `- 2
|  |        |     |     `- 26178010471
|  |        |     `- 1
|  |        |        +- 0
|  |        |        |  `- {"bytes":"c48cbb3d5e57ed56e276bc45f99ab39abe94e6cd7ac39fb402da47ad"}
|  |        |        +- 1
|  |        |        |  `- {"bytes":"0014df105553444d"}
|  |        |        `- 2
|  |        |           `- 5000000000
|  |        `- 5
|  |           `- constructor
|  |              `- 0
|  +- 3
|  |  +- address
|  |  |  `- "amaru.swap-order"
|  |  `- datum
|  |     `- fields
|  |        +- 0
|  |        |  +- constructor
|  |        |  |  `- 0
|  |        |  `- fields
|  |        |     `- 0
|  |        |        `- {"bytes":"64f35d26b237ad58e099041bc14c687ea7fdc58969d7d5b66e2540ef"}
|  |        +- 1
|  |        |  +- constructor
|  |        |  |  `- 3
|  |        |  `- fields
|  |        |     +- 0
|  |        |     |  `- 2
|  |        |     `- 1
|  |        |        +- 0
|  |        |        |  +- constructor
|  |        |        |  |  `- 0
|  |        |        |  `- fields
|  |        |        |     `- 0
|  |        |        |        `- {"bytes":"7095faf3d48d582fbae8b3f2e726670d7a35e2400c783d992bbdeffb"}
|  |        |        +- 1
|  |        |        |  +- constructor
|  |        |        |  |  `- 0
|  |        |        |  `- fields
|  |        |        |     `- 0
|  |        |        |        `- {"bytes":"f3ab64b0f97dcf0f91232754603283df5d75a1201337432c04d23e2e"}
|  |        |        +- 2
|  |        |        |  +- constructor
|  |        |        |  |  `- 0
|  |        |        |  `- fields
|  |        |        |     `- 0
|  |        |        |        `- {"bytes":"8bd03209d227956aaf9670751e0aa2057b51c1537a43f155b24fb1c1"}
|  |        |        `- 3
|  |        |           +- constructor
|  |        |           |  `- 0
|  |        |           `- fields
|  |        |              `- 0
|  |        |                 `- {"bytes":"97e0f6d6c86dbebf15cc8fdf0981f939b2f2b70928a46511edd49df2"}
|  |        +- 2
|  |        |  `- 1280000
|  |        +- 3
|  |        |  +- constructor
|  |        |  |  `- 0
|  |        |  `- fields
|  |        |     +- 0
|  |        |     |  +- constructor
|  |        |     |  |  `- 0
|  |        |     |  `- fields
|  |        |     |     +- 0
|  |        |     |     |  +- constructor
|  |        |     |     |  |  `- 1
|  |        |     |     |  `- fields
|  |        |     |     |     `- 0
|  |        |     |     |        `- {"bytes":"32201dc1e82708364c6c42a53f89f675314bb9ad5da2734aa10baa0d"}
|  |        |     |     `- 1
|  |        |     |        +- constructor
|  |        |     |        |  `- 0
|  |        |     |        `- fields
|  |        |     |           `- 0
|  |        |     |              +- constructor
|  |        |     |              |  `- 0
|  |        |     |              `- fields
|  |        |     |                 `- 0
|  |        |     |                    +- constructor
|  |        |     |                    |  `- 1
|  |        |     |                    `- fields
|  |        |     |                       `- 0
|  |        |     |                          `- {"bytes":"32201dc1e82708364c6c42a53f89f675314bb9ad5da2734aa10baa0d"}
|  |        |     `- 1
|  |        |        `- constructor
|  |        |           `- 0
|  |        +- 4
|  |        |  +- constructor
|  |        |  |  `- 1
|  |        |  `- fields
|  |        |     +- 0
|  |        |     |  +- 0
|  |        |     |  |  `- {"bytes":""}
|  |        |     |  +- 1
|  |        |     |  |  `- {"bytes":""}
|  |        |     |  `- 2
|  |        |     |     `- 26178010471
|  |        |     `- 1
|  |        |        +- 0
|  |        |        |  `- {"bytes":"c48cbb3d5e57ed56e276bc45f99ab39abe94e6cd7ac39fb402da47ad"}
|  |        |        +- 1
|  |        |        |  `- {"bytes":"0014df105553444d"}
|  |        |        `- 2
|  |        |           `- 5000000000
|  |        `- 5
|  |           `- constructor
|  |              `- 0
|  +- 4
|  |  +- address
|  |  |  `- "amaru.swap-order"
|  |  `- datum
|  |     `- fields
|  |        +- 0
|  |        |  +- constructor
|  |        |  |  `- 0
|  |        |  `- fields
|  |        |     `- 0
|  |        |        `- {"bytes":"64f35d26b237ad58e099041bc14c687ea7fdc58969d7d5b66e2540ef"}
|  |        +- 1
|  |        |  +- constructor
|  |        |  |  `- 3
|  |        |  `- fields
|  |        |     +- 0
|  |        |     |  `- 2
|  |        |     `- 1
|  |        |        +- 0
|  |        |        |  +- constructor
|  |        |        |  |  `- 0
|  |        |        |  `- fields
|  |        |        |     `- 0
|  |        |        |        `- {"bytes":"7095faf3d48d582fbae8b3f2e726670d7a35e2400c783d992bbdeffb"}
|  |        |        +- 1
|  |        |        |  +- constructor
|  |        |        |  |  `- 0
|  |        |        |  `- fields
|  |        |        |     `- 0
|  |        |        |        `- {"bytes":"f3ab64b0f97dcf0f91232754603283df5d75a1201337432c04d23e2e"}
|  |        |        +- 2
|  |        |        |  +- constructor
|  |        |        |  |  `- 0
|  |        |        |  `- fields
|  |        |        |     `- 0
|  |        |        |        `- {"bytes":"8bd03209d227956aaf9670751e0aa2057b51c1537a43f155b24fb1c1"}
|  |        |        `- 3
|  |        |           +- constructor
|  |        |           |  `- 0
|  |        |           `- fields
|  |        |              `- 0
|  |        |                 `- {"bytes":"97e0f6d6c86dbebf15cc8fdf0981f939b2f2b70928a46511edd49df2"}
|  |        +- 2
|  |        |  `- 1280000
|  |        +- 3
|  |        |  +- constructor
|  |        |  |  `- 0
|  |        |  `- fields
|  |        |     +- 0
|  |        |     |  +- constructor
|  |        |     |  |  `- 0
|  |        |     |  `- fields
|  |        |     |     +- 0
|  |        |     |     |  +- constructor
|  |        |     |     |  |  `- 1
|  |        |     |     |  `- fields
|  |        |     |     |     `- 0
|  |        |     |     |        `- {"bytes":"32201dc1e82708364c6c42a53f89f675314bb9ad5da2734aa10baa0d"}
|  |        |     |     `- 1
|  |        |     |        +- constructor
|  |        |     |        |  `- 0
|  |        |     |        `- fields
|  |        |     |           `- 0
|  |        |     |              +- constructor
|  |        |     |              |  `- 0
|  |        |     |              `- fields
|  |        |     |                 `- 0
|  |        |     |                    +- constructor
|  |        |     |                    |  `- 1
|  |        |     |                    `- fields
|  |        |     |                       `- 0
|  |        |     |                          `- {"bytes":"32201dc1e82708364c6c42a53f89f675314bb9ad5da2734aa10baa0d"}
|  |        |     `- 1
|  |        |        `- constructor
|  |        |           `- 0
|  |        +- 4
|  |        |  +- constructor
|  |        |  |  `- 1
|  |        |  `- fields
|  |        |     +- 0
|  |        |     |  +- 0
|  |        |     |  |  `- {"bytes":""}
|  |        |     |  +- 1
|  |        |     |  |  `- {"bytes":""}
|  |        |     |  `- 2
|  |        |     |     `- 26178010471
|  |        |     `- 1
|  |        |        +- 0
|  |        |        |  `- {"bytes":"c48cbb3d5e57ed56e276bc45f99ab39abe94e6cd7ac39fb402da47ad"}
|  |        |        +- 1
|  |        |        |  `- {"bytes":"0014df105553444d"}
|  |        |        `- 2
|  |        |           `- 5000000000
|  |        `- 5
|  |           `- constructor
|  |              `- 0
|  +- 5
|  |  +- address
|  |  |  `- "amaru.swap-order"
|  |  `- datum
|  |     `- fields
|  |        +- 0
|  |        |  +- constructor
|  |        |  |  `- 0
|  |        |  `- fields
|  |        |     `- 0
|  |        |        `- {"bytes":"64f35d26b237ad58e099041bc14c687ea7fdc58969d7d5b66e2540ef"}
|  |        +- 1
|  |        |  +- constructor
|  |        |  |  `- 3
|  |        |  `- fields
|  |        |     +- 0
|  |        |     |  `- 2
|  |        |     `- 1
|  |        |        +- 0
|  |        |        |  +- constructor
|  |        |        |  |  `- 0
|  |        |        |  `- fields
|  |        |        |     `- 0
|  |        |        |        `- {"bytes":"7095faf3d48d582fbae8b3f2e726670d7a35e2400c783d992bbdeffb"}
|  |        |        +- 1
|  |        |        |  +- constructor
|  |        |        |  |  `- 0
|  |        |        |  `- fields
|  |        |        |     `- 0
|  |        |        |        `- {"bytes":"f3ab64b0f97dcf0f91232754603283df5d75a1201337432c04d23e2e"}
|  |        |        +- 2
|  |        |        |  +- constructor
|  |        |        |  |  `- 0
|  |        |        |  `- fields
|  |        |        |     `- 0
|  |        |        |        `- {"bytes":"8bd03209d227956aaf9670751e0aa2057b51c1537a43f155b24fb1c1"}
|  |        |        `- 3
|  |        |           +- constructor
|  |        |           |  `- 0
|  |        |           `- fields
|  |        |              `- 0
|  |        |                 `- {"bytes":"97e0f6d6c86dbebf15cc8fdf0981f939b2f2b70928a46511edd49df2"}
|  |        +- 2
|  |        |  `- 1280000
|  |        +- 3
|  |        |  +- constructor
|  |        |  |  `- 0
|  |        |  `- fields
|  |        |     +- 0
|  |        |     |  +- constructor
|  |        |     |  |  `- 0
|  |        |     |  `- fields
|  |        |     |     +- 0
|  |        |     |     |  +- constructor
|  |        |     |     |  |  `- 1
|  |        |     |     |  `- fields
|  |        |     |     |     `- 0
|  |        |     |     |        `- {"bytes":"32201dc1e82708364c6c42a53f89f675314bb9ad5da2734aa10baa0d"}
|  |        |     |     `- 1
|  |        |     |        +- constructor
|  |        |     |        |  `- 0
|  |        |     |        `- fields
|  |        |     |           `- 0
|  |        |     |              +- constructor
|  |        |     |              |  `- 0
|  |        |     |              `- fields
|  |        |     |                 `- 0
|  |        |     |                    +- constructor
|  |        |     |                    |  `- 1
|  |        |     |                    `- fields
|  |        |     |                       `- 0
|  |        |     |                          `- {"bytes":"32201dc1e82708364c6c42a53f89f675314bb9ad5da2734aa10baa0d"}
|  |        |     `- 1
|  |        |        `- constructor
|  |        |           `- 0
|  |        +- 4
|  |        |  +- constructor
|  |        |  |  `- 1
|  |        |  `- fields
|  |        |     +- 0
|  |        |     |  +- 0
|  |        |     |  |  `- {"bytes":""}
|  |        |     |  +- 1
|  |        |     |  |  `- {"bytes":""}
|  |        |     |  `- 2
|  |        |     |     `- 26178010471
|  |        |     `- 1
|  |        |        +- 0
|  |        |        |  `- {"bytes":"c48cbb3d5e57ed56e276bc45f99ab39abe94e6cd7ac39fb402da47ad"}
|  |        |        +- 1
|  |        |        |  `- {"bytes":"0014df105553444d"}
|  |        |        `- 2
|  |        |           `- 5000000000
|  |        `- 5
|  |           `- constructor
|  |              `- 0
|  +- 6
|  |  +- address
|  |  |  `- "amaru.swap-order"
|  |  `- datum
|  |     `- fields
|  |        +- 0
|  |        |  +- constructor
|  |        |  |  `- 0
|  |        |  `- fields
|  |        |     `- 0
|  |        |        `- {"bytes":"64f35d26b237ad58e099041bc14c687ea7fdc58969d7d5b66e2540ef"}
|  |        +- 1
|  |        |  +- constructor
|  |        |  |  `- 3
|  |        |  `- fields
|  |        |     +- 0
|  |        |     |  `- 2
|  |        |     `- 1
|  |        |        +- 0
|  |        |        |  +- constructor
|  |        |        |  |  `- 0
|  |        |        |  `- fields
|  |        |        |     `- 0
|  |        |        |        `- {"bytes":"7095faf3d48d582fbae8b3f2e726670d7a35e2400c783d992bbdeffb"}
|  |        |        +- 1
|  |        |        |  +- constructor
|  |        |        |  |  `- 0
|  |        |        |  `- fields
|  |        |        |     `- 0
|  |        |        |        `- {"bytes":"f3ab64b0f97dcf0f91232754603283df5d75a1201337432c04d23e2e"}
|  |        |        +- 2
|  |        |        |  +- constructor
|  |        |        |  |  `- 0
|  |        |        |  `- fields
|  |        |        |     `- 0
|  |        |        |        `- {"bytes":"8bd03209d227956aaf9670751e0aa2057b51c1537a43f155b24fb1c1"}
|  |        |        `- 3
|  |        |           +- constructor
|  |        |           |  `- 0
|  |        |           `- fields
|  |        |              `- 0
|  |        |                 `- {"bytes":"97e0f6d6c86dbebf15cc8fdf0981f939b2f2b70928a46511edd49df2"}
|  |        +- 2
|  |        |  `- 1280000
|  |        +- 3
|  |        |  +- constructor
|  |        |  |  `- 0
|  |        |  `- fields
|  |        |     +- 0
|  |        |     |  +- constructor
|  |        |     |  |  `- 0
|  |        |     |  `- fields
|  |        |     |     +- 0
|  |        |     |     |  +- constructor
|  |        |     |     |  |  `- 1
|  |        |     |     |  `- fields
|  |        |     |     |     `- 0
|  |        |     |     |        `- {"bytes":"32201dc1e82708364c6c42a53f89f675314bb9ad5da2734aa10baa0d"}
|  |        |     |     `- 1
|  |        |     |        +- constructor
|  |        |     |        |  `- 0
|  |        |     |        `- fields
|  |        |     |           `- 0
|  |        |     |              +- constructor
|  |        |     |              |  `- 0
|  |        |     |              `- fields
|  |        |     |                 `- 0
|  |        |     |                    +- constructor
|  |        |     |                    |  `- 1
|  |        |     |                    `- fields
|  |        |     |                       `- 0
|  |        |     |                          `- {"bytes":"32201dc1e82708364c6c42a53f89f675314bb9ad5da2734aa10baa0d"}
|  |        |     `- 1
|  |        |        `- constructor
|  |        |           `- 0
|  |        +- 4
|  |        |  +- constructor
|  |        |  |  `- 1
|  |        |  `- fields
|  |        |     +- 0
|  |        |     |  +- 0
|  |        |     |  |  `- {"bytes":""}
|  |        |     |  +- 1
|  |        |     |  |  `- {"bytes":""}
|  |        |     |  `- 2
|  |        |     |     `- 26178010471
|  |        |     `- 1
|  |        |        +- 0
|  |        |        |  `- {"bytes":"c48cbb3d5e57ed56e276bc45f99ab39abe94e6cd7ac39fb402da47ad"}
|  |        |        +- 1
|  |        |        |  `- {"bytes":"0014df105553444d"}
|  |        |        `- 2
|  |        |           `- 5000000000
|  |        `- 5
|  |           `- constructor
|  |              `- 0
|  +- 7
|  |  +- address
|  |  |  `- "amaru.swap-order"
|  |  `- datum
|  |     `- fields
|  |        +- 0
|  |        |  +- constructor
|  |        |  |  `- 0
|  |        |  `- fields
|  |        |     `- 0
|  |        |        `- {"bytes":"64f35d26b237ad58e099041bc14c687ea7fdc58969d7d5b66e2540ef"}
|  |        +- 1
|  |        |  +- constructor
|  |        |  |  `- 3
|  |        |  `- fields
|  |        |     +- 0
|  |        |     |  `- 2
|  |        |     `- 1
|  |        |        +- 0
|  |        |        |  +- constructor
|  |        |        |  |  `- 0
|  |        |        |  `- fields
|  |        |        |     `- 0
|  |        |        |        `- {"bytes":"7095faf3d48d582fbae8b3f2e726670d7a35e2400c783d992bbdeffb"}
|  |        |        +- 1
|  |        |        |  +- constructor
|  |        |        |  |  `- 0
|  |        |        |  `- fields
|  |        |        |     `- 0
|  |        |        |        `- {"bytes":"f3ab64b0f97dcf0f91232754603283df5d75a1201337432c04d23e2e"}
|  |        |        +- 2
|  |        |        |  +- constructor
|  |        |        |  |  `- 0
|  |        |        |  `- fields
|  |        |        |     `- 0
|  |        |        |        `- {"bytes":"8bd03209d227956aaf9670751e0aa2057b51c1537a43f155b24fb1c1"}
|  |        |        `- 3
|  |        |           +- constructor
|  |        |           |  `- 0
|  |        |           `- fields
|  |        |              `- 0
|  |        |                 `- {"bytes":"97e0f6d6c86dbebf15cc8fdf0981f939b2f2b70928a46511edd49df2"}
|  |        +- 2
|  |        |  `- 1280000
|  |        +- 3
|  |        |  +- constructor
|  |        |  |  `- 0
|  |        |  `- fields
|  |        |     +- 0
|  |        |     |  +- constructor
|  |        |     |  |  `- 0
|  |        |     |  `- fields
|  |        |     |     +- 0
|  |        |     |     |  +- constructor
|  |        |     |     |  |  `- 1
|  |        |     |     |  `- fields
|  |        |     |     |     `- 0
|  |        |     |     |        `- {"bytes":"32201dc1e82708364c6c42a53f89f675314bb9ad5da2734aa10baa0d"}
|  |        |     |     `- 1
|  |        |     |        +- constructor
|  |        |     |        |  `- 0
|  |        |     |        `- fields
|  |        |     |           `- 0
|  |        |     |              +- constructor
|  |        |     |              |  `- 0
|  |        |     |              `- fields
|  |        |     |                 `- 0
|  |        |     |                    +- constructor
|  |        |     |                    |  `- 1
|  |        |     |                    `- fields
|  |        |     |                       `- 0
|  |        |     |                          `- {"bytes":"32201dc1e82708364c6c42a53f89f675314bb9ad5da2734aa10baa0d"}
|  |        |     `- 1
|  |        |        `- constructor
|  |        |           `- 0
|  |        +- 4
|  |        |  +- constructor
|  |        |  |  `- 1
|  |        |  `- fields
|  |        |     +- 0
|  |        |     |  +- 0
|  |        |     |  |  `- {"bytes":""}
|  |        |     |  +- 1
|  |        |     |  |  `- {"bytes":""}
|  |        |     |  `- 2
|  |        |     |     `- 26178010471
|  |        |     `- 1
|  |        |        +- 0
|  |        |        |  `- {"bytes":"c48cbb3d5e57ed56e276bc45f99ab39abe94e6cd7ac39fb402da47ad"}
|  |        |        +- 1
|  |        |        |  `- {"bytes":"0014df105553444d"}
|  |        |        `- 2
|  |        |           `- 5000000000
|  |        `- 5
|  |           `- constructor
|  |              `- 0
|  +- 8
|  |  +- address
|  |  |  `- "amaru-treasury.network_compliance.account"
|  |  `- coin
|  |     `- 401473.182250 ADA (401473182250 lovelace)
|  `- 9
|     +- address
|     |  `- "user.recipient"
|     `- coin
|        `- 76.858483 ADA (76858483 lovelace)
+- referenceInputs
|  +- 0
|  |  +- resolved
|  |  |  +- address
|  |  |  |  `- {"bytes":"715a7350fef97581498697d679aa1cbc4fb72f51991bde8ad535614365"}
|  |  |  +- coin
|  |  |  |  `- 2.000000 ADA (2000000 lovelace)
|  |  |  `- datum
|  |  |     +- constructor
|  |  |     |  `- 0
|  |  |     `- fields
|  |  |        +- 0
|  |  |        |  +- constructor
|  |  |        |  |  `- 0
|  |  |        |  `- fields
|  |  |        |     `- 0
|  |  |        |        `- {"bytes":"7095faf3d48d582fbae8b3f2e726670d7a35e2400c783d992bbdeffb"}
|  |  |        +- 1
|  |  |        |  +- constructor
|  |  |        |  |  `- 0
|  |  |        |  `- fields
|  |  |        |     `- 0
|  |  |        |        `- {"bytes":"f3ab64b0f97dcf0f91232754603283df5d75a1201337432c04d23e2e"}
|  |  |        +- 2
|  |  |        |  +- constructor
|  |  |        |  |  `- 0
|  |  |        |  `- fields
|  |  |        |     `- 0
|  |  |        |        `- {"bytes":"8bd03209d227956aaf9670751e0aa2057b51c1537a43f155b24fb1c1"}
|  |  |        `- 3
|  |  |           +- constructor
|  |  |           |  `- 0
|  |  |           `- fields
|  |  |              `- 0
|  |  |                 `- {"bytes":"97e0f6d6c86dbebf15cc8fdf0981f939b2f2b70928a46511edd49df2"}
|  |  `- txIn
|  |     `- {"index":0,"txId":"11ace24a7b0caad4a68a38ef2fff18185dc9ea604e84425dab487cae94e4cf54"}
|  +- 1
|  |  +- resolved
|  |  |  +- address
|  |  |  |  `- {"bytes":"012613b73d0961f4a63e2ea0551a9689f8e42121b5f1705f1b72e1595423a476e5a8dbfffd3fb5e9026fba36c195ae5ab0fd9df92b2866ea06"}
|  |  |  +- coin
|  |  |  |  `- 25.000000 ADA (25000000 lovelace)
|  |  |  `- referenceScript
|  |  |     `- cbor:8203590b52590b4f010100332229800a... (2903 bytes)
|  |  `- txIn
|  |     `- {"index":2,"txId":"25ba96f5deb14bb5c56e7542d6a9ba8450f52cc698ebd74574e1a0525d861095"}
|  +- 2
|  |  +- resolved
|  |  |  +- address
|  |  |  |  `- {"bytes":"012613b73d0961f4a63e2ea0551a9689f8e42121b5f1705f1b72e1595423a476e5a8dbfffd3fb5e9026fba36c195ae5ab0fd9df92b2866ea06"}
|  |  |  +- coin
|  |  |  |  `- 25.000000 ADA (25000000 lovelace)
|  |  |  `- referenceScript
|  |  |     `- "amaru-treasury.network_compliance"
|  |  `- txIn
|  |     `- {"index":0,"txId":"810bfcbde85ae72f27d7e8cd154c03c802de15d3fa0dd83a32a4b0fdba330b3c"}
|  `- 3
|     +- resolved
|     |  +- address
|     |  |  `- {"bytes":"7138c627d45835744a2d6c727124f2b5852e5564aeab3f608e0e84ea6d"}
|     |  +- coin
|     |  |  `- 2.000000 ADA (2000000 lovelace)
|     |  `- datum
|     |     +- constructor
|     |     |  `- 0
|     |     `- fields
|     |        +- 0
|     |        |  +- constructor
|     |        |  |  `- 1
|     |        |  `- fields
|     |        |     `- 0
|     |        |        `- {"bytes":"32201dc1e82708364c6c42a53f89f675314bb9ad5da2734aa10baa0d"}
|     |        `- 1
|     |           +- constructor
|     |           |  `- 1
|     |           `- fields
|     |              `- 0
|     |                 `- {"bytes":"00000000000000000000000000000000000000000000000000000000"}
|     `- txIn
|        `- {"index":2,"txId":"e7b395a93d49a17994d66df0e4778a01dee05e7711e6612f28d97b63e4e6311c"}
+- requiredSigners
|  +- 0
|  |  `- "8bd03209d227956aaf9670751e0aa2057b51c1537a43f155b24fb1c1"
|  `- 1
|     `- "f3ab64b0f97dcf0f91232754603283df5d75a1201337432c04d23e2e"
+- totalCollateral
|  `- 0.829709 ADA (829709 lovelace)
+- validityInterval
|  +- invalidBefore
|  |  `- tx-inspect 0.2.0.0 null
|  `- invalidHereafter
|     `- 194526553
`- withdrawals
   `- 581df1a64d1b9e1aeffe54056034d84977061b45a92691efc282fbee3fc094
      `- 0.000000 ADA (0 lovelace)
